[diana.html.themeplayers.net/index.html]
[backblue.gif]
[fade.gif]
[index.html]
[diana.html.themeplayers.net/cdn-cgi/apps/head/sxN6HgCn8v7CG45Nsym8imDXilk.js]
[diana.html.themeplayers.net/assets/fonts/font-awesome/css/font-awesome.min.css]
[diana.html.themeplayers.net/assets/css/bootstrap.css]
[diana.html.themeplayers.net/assets/css/style.css]
[diana.html.themeplayers.net/assets/css/select2.css]
[diana.html.themeplayers.net/assets/js/modernizr.custom.js]
[diana.html.themeplayers.net/index-2.html]
[diana.html.themeplayers.net/index2.html]
[diana.html.themeplayers.net/about-us.html]
[diana.html.themeplayers.net/our-mission.html]
[diana.html.themeplayers.net/testimonials.html]
[diana.html.themeplayers.net/pricing.html]
[diana.html.themeplayers.net/our-services.html]
[diana.html.themeplayers.net/our-team.html]
[diana.html.themeplayers.net/faq.html]
[diana.html.themeplayers.net/paypal-shop-page.html]
[diana.html.themeplayers.net/collections.html]
[diana.html.themeplayers.net/collections2.html]
[diana.html.themeplayers.net/collections-list.html]
[diana.html.themeplayers.net/single-product.html]
[diana.html.themeplayers.net/collections-no-sidebar.html]
[diana.html.themeplayers.net/portfolio-masonry.html]
[diana.html.themeplayers.net/portfolio-masonry-column1.html]
[diana.html.themeplayers.net/portfolio-masonry-column2.html]
[diana.html.themeplayers.net/portfolio-masonry-column3.html]
[diana.html.themeplayers.net/portfolio-left-sidebar.html]
[diana.html.themeplayers.net/portfolio-right-sidebar.html]
[diana.html.themeplayers.net/blog.html]
[diana.html.themeplayers.net/blog-left-sidebar.html]
[diana.html.themeplayers.net/blog-wide.html]
[diana.html.themeplayers.net/blog-full-width.html]
[diana.html.themeplayers.net/blog-masonry.html]
[diana.html.themeplayers.net/blog-masonry-three.html]
[diana.html.themeplayers.net/login.html]
[diana.html.themeplayers.net/create-account.html]
[diana.html.themeplayers.net/my-account.html]
[diana.html.themeplayers.net/wishlist.html]
[diana.html.themeplayers.net/checkout.html]
[diana.html.themeplayers.net/my-cart.html]
[diana.html.themeplayers.net/assets/images/demo-content/mobile-shop-cart-ring1.png]
[diana.html.themeplayers.net/assets/images/demo-content/mobile-shop-cart-ring2.png]
[diana.html.themeplayers.net/assets/images/demo-content/logo.png]
[diana.html.themeplayers.net/assets/images/demo-content/shop-cart-ring1.png]
[diana.html.themeplayers.net/assets/images/demo-content/shop-cart-ring2.png]
[diana.html.themeplayers.net/index-paralax.html]
[diana.html.themeplayers.net/index-video.html]
[diana.html.themeplayers.net/index-logo-left.html]
[diana.html.themeplayers.net/index-black-menu.html]
[diana.html.themeplayers.net/index-grey-top.html]
[diana.html.themeplayers.net/index-both-colour.html]
[diana.html.themeplayers.net/lost-password.html]
[diana.html.themeplayers.net/assets/images/demo-content/main-menu-collection-right-bg.png]
[diana.html.themeplayers.net/assets/images/demo-content/featured-item1.jpg]
[diana.html.themeplayers.net/assets/images/demo-content/featured-item2.jpg]
[diana.html.themeplayers.net/assets/images/demo-content/featured-item3.jpg]
[diana.html.themeplayers.net/assets/images/demo-content/featured-item4.jpg]
[diana.html.themeplayers.net/assets/images/demo-content/latest-item1.jpg]
[diana.html.themeplayers.net/assets/images/demo-content/latest-item2.jpg]
[diana.html.themeplayers.net/assets/images/demo-content/latest-item3.jpg]
[diana.html.themeplayers.net/assets/images/demo-content/latest-item4.jpg]
[diana.html.themeplayers.net/assets/images/demo-content/rated-item1.jpg]
[diana.html.themeplayers.net/assets/images/demo-content/rated-item2.jpg]
[diana.html.themeplayers.net/assets/images/demo-content/rated-item3.jpg]
[diana.html.themeplayers.net/assets/images/demo-content/rated-item4.jpg]
[diana.html.themeplayers.net/assets/images/demo-content/prefooter-diamond.png]
[diana.html.themeplayers.net/assets/images/demo-content/footer-necklace.png]
[diana.html.themeplayers.net/assets/bootstrap/js/bootstrap.min.js]
[diana.html.themeplayers.net/assets/js/jquery.placeholder.min.js]
[diana.html.themeplayers.net/assets/js/jquery.easing.1.3.js]
[diana.html.themeplayers.net/assets/js/device.min.js]
[diana.html.themeplayers.net/assets/js/jquery.browser.min.js]
[diana.html.themeplayers.net/assets/js/jquery.min.js]
[diana.html.themeplayers.net/assets/js/jquery.appear.js]
[diana.html.themeplayers.net/assets/js/snap.min.js]
[diana.html.themeplayers.net/assets/plugins/headroom/jQuery.headroom.js]
[diana.html.themeplayers.net/assets/plugins/headroom/headroom.js]
[diana.html.themeplayers.net/assets/plugins/headroom/init.js]
[diana.html.themeplayers.net/assets/form/js/contact-form.js]
[diana.html.themeplayers.net/assets/js/stacktable/stacktable.js]
[diana.html.themeplayers.net/assets/plugins/owl/owl.carousel.min.js]
[diana.html.themeplayers.net/assets/js/select2/select2.min.js]
[diana.html.themeplayers.net/assets/plugins/owl/init.js]
[diana.html.themeplayers.net/assets/js/elevate-zoom/init.js]
[diana.html.themeplayers.net/index.html]
[diana.html.themeplayers.net/assets/js/main.js]
[diana.html.themeplayers.net/assets/js/elevate-zoom/jquery.elevatezoom.js]
[diana.html.themeplayers.net/assets/js/jquery-ui/jquery-ui.js]
[diana.html.themeplayers.net/assets/fonts/font-awesome/fonts/fontawesome-webfont78ce.eot]
[diana.html.themeplayers.net/assets/fonts/font-awesome/fonts/fontawesome-webfontd41d.eot]
[diana.html.themeplayers.net/assets/fonts/font-awesome/css/font-awesome.min.css]
[diana.html.themeplayers.net/assets/fonts/font-awesome/fonts/fontawesome-webfont78ce.svg]
[diana.html.themeplayers.net/assets/fonts/font-awesome/fonts/fontawesome-webfont78ce.woff]
[diana.html.themeplayers.net/assets/bootstrap/fonts/glyphicons-halflings-regular.eot]
[diana.html.themeplayers.net/assets/fonts/font-awesome/fonts/fontawesome-webfont78ce.ttf]
[diana.html.themeplayers.net/assets/bootstrap/fonts/glyphicons-halflings-regulard41d.eot]
[diana.html.themeplayers.net/assets/css/bootstrap.css]
[diana.html.themeplayers.net/assets/bootstrap/fonts/glyphicons-halflings-regular.svg]
[diana.html.themeplayers.net/assets/bootstrap/fonts/glyphicons-halflings-regular.woff]
[diana.html.themeplayers.net/assets/css/jquery.nouislider.css]
[diana.html.themeplayers.net/assets/bootstrap/fonts/glyphicons-halflings-regular.ttf]
[diana.html.themeplayers.net/assets/plugins/owl/owl.carousel.css]
[diana.html.themeplayers.net/assets/plugins/owl/owl.theme.css]
[diana.html.themeplayers.net/assets/plugins/owl/owl.transitions.css]
[diana.html.themeplayers.net/assets/fonts/flexslider/flexslider-icon.eot]
[diana.html.themeplayers.net/assets/fonts/flexslider/flexslider-icond41d.eot]
[diana.html.themeplayers.net/assets/fonts/flexslider/flexslider-icon.woff]
[diana.html.themeplayers.net/assets/fonts/flexslider/flexslider-icon.ttf]
[diana.html.themeplayers.net/assets/fonts/flexslider/flexslider-icon.svg]
[diana.html.themeplayers.net/assets/images/rings.svg]
[diana.html.themeplayers.net/assets/css/images/ui-bg_highlight-soft_75_cccccc_1x100.png]
[diana.html.themeplayers.net/assets/css/images/ui-bg_glass_75_e6e6e6_1x400.png]
[diana.html.themeplayers.net/assets/css/images/ui-bg_glass_75_dadada_1x400.png]
[diana.html.themeplayers.net/assets/css/images/ui-bg_glass_65_ffffff_1x400.png]
[diana.html.themeplayers.net/assets/css/images/ui-bg_glass_55_fbf9ee_1x400.png]
[diana.html.themeplayers.net/assets/css/images/ui-bg_glass_95_fef1ec_1x400.png]
[diana.html.themeplayers.net/assets/css/images/ui-icons_222222_256x240.png]
[diana.html.themeplayers.net/assets/css/images/ui-icons_888888_256x240.png]
[diana.html.themeplayers.net/assets/css/images/ui-icons_454545_256x240.png]
[diana.html.themeplayers.net/assets/css/images/ui-icons_2e83ff_256x240.png]
[diana.html.themeplayers.net/assets/css/images/ui-icons_cd0a0a_256x240.png]
[diana.html.themeplayers.net/assets/css/images/ui-bg_flat_0_aaaaaa_40x100.png]
[diana.html.themeplayers.net/assets/images/background.jpg]
[code.jquery.com/ui/1.11.2/themes/smoothness/images/ui-icons_222222_256x240.png]
[diana.html.themeplayers.net/assets/css/style.css]
[diana.html.themeplayers.net/assets/css/select2.css]
[diana.html.themeplayers.net/index-2.html]
[diana.html.themeplayers.net/assets/images/demo-content/content-item2.jpg]
[diana.html.themeplayers.net/assets/images/demo-content/content-item1.jpg]
[diana.html.themeplayers.net/assets/images/demo-content/content-item3.jpg]
[diana.html.themeplayers.net/assets/images/demo-content/specials-item.jpg]
[diana.html.themeplayers.net/assets/images/demo-content/mega-sale-item.jpg]
[diana.html.themeplayers.net/assets/js/color-selector/colorselector.js]
[diana.html.themeplayers.net/assets/js/color-selector/init.js]
[diana.html.themeplayers.net/assets/js/nouislider/jquery.nouislider.all.js]
[diana.html.themeplayers.net/assets/js/nouislider/init.js]
[diana.html.themeplayers.net/index2.html]
[diana.html.themeplayers.net/assets/images/demo-content/speaker.png]
[diana.html.themeplayers.net/assets/images/demo-content/personFrame.png]
[diana.html.themeplayers.net/team-member.html]
[diana.html.themeplayers.net/assets/images/demo-content/team-member1.jpg]
[diana.html.themeplayers.net/assets/images/demo-content/team-member2.jpg]
[diana.html.themeplayers.net/assets/images/demo-content/team-member3.jpg]
[diana.html.themeplayers.net/assets/images/demo-content/team-member4.jpg]
[diana.html.themeplayers.net/assets/images/demo-content/team-member5.jpg]
[diana.html.themeplayers.net/about-us.html]
[diana.html.themeplayers.net/our-mission.html]
[diana.html.themeplayers.net/assets/twitter/js/jquery.tweet.js]
[diana.html.themeplayers.net/assets/images/demo-content/testimonials-image1.jpg]
[diana.html.themeplayers.net/assets/images/demo-content/testimonials-image2.jpg]
[diana.html.themeplayers.net/assets/images/demo-content/testimonials-image3.jpg]
[diana.html.themeplayers.net/assets/images/demo-content/testimonials-image4.jpg]
[diana.html.themeplayers.net/testimonials.html]
[diana.html.themeplayers.net/assets/images/demo-content/pricing-chains.png]
[diana.html.themeplayers.net/assets/images/demo-content/pricing-necklacle.png]
[diana.html.themeplayers.net/assets/images/demo-content/pricing-ring2.png]
[diana.html.themeplayers.net/assets/images/demo-content/pricing-ring.png]
[diana.html.themeplayers.net/pricing.html]
[diana.html.themeplayers.net/assets/images/demo-content/services-item1.jpg]
[diana.html.themeplayers.net/assets/images/demo-content/services-item2.jpg]
[diana.html.themeplayers.net/our-services.html]
[diana.html.themeplayers.net/assets/images/demo-content/team-silver-ring.jpg]
[diana.html.themeplayers.net/our-team.html]
[diana.html.themeplayers.net/faq.html]
[diana.html.themeplayers.net/assets/images/demo-content/product-01.jpg]
[diana.html.themeplayers.net/assets/images/demo-content/product-02.jpg]
[diana.html.themeplayers.net/assets/images/demo-content/product-03.jpg]
[diana.html.themeplayers.net/assets/images/demo-content/product-05.jpg]
[diana.html.themeplayers.net/paypal-shop-page.html]
[diana.html.themeplayers.net/collections.html]
[diana.html.themeplayers.net/collections2.html]
[diana.html.themeplayers.net/collections-list.html]
[diana.html.themeplayers.net/assets/js/shop.min.js]
[diana.html.themeplayers.net/assets/images/demo-content/single-product-item1-large.jpg]
[diana.html.themeplayers.net/assets/images/demo-content/single-product-item1.jpg]
[diana.html.themeplayers.net/assets/images/demo-content/single-product-item2-large.jpg]
[diana.html.themeplayers.net/assets/images/demo-content/single-product-item2.jpg]
[diana.html.themeplayers.net/assets/images/demo-content/single-product-item3-large.jpg]
[diana.html.themeplayers.net/assets/images/demo-content/single-product-item3.jpg]
[diana.html.themeplayers.net/assets/images/demo-content/single-product-item4-large.jpg]
[diana.html.themeplayers.net/assets/images/demo-content/single-product-item4.jpg]
[diana.html.themeplayers.net/assets/images/demo-content/single-product-item5-large.jpg]
[diana.html.themeplayers.net/assets/images/demo-content/single-product-item5.jpg]
[diana.html.themeplayers.net/assets/images/demo-content/single-product-item1-thumbnail.jpg]
[diana.html.themeplayers.net/assets/images/demo-content/single-product-item2-thumbnail.jpg]
[diana.html.themeplayers.net/assets/images/demo-content/single-product-item3-thumbnail.jpg]
[diana.html.themeplayers.net/assets/images/demo-content/single-product-item4-thumbnail.jpg]
[diana.html.themeplayers.net/assets/images/demo-content/single-product-item5-thumbnail.jpg]
[diana.html.themeplayers.net/assets/images/demo-content/review-image.jpg]
[diana.html.themeplayers.net/assets/images/demo-content/user-rounded-image.jpg]
[diana.html.themeplayers.net/assets/images/demo-content/video-image-1-small.jpg]
[diana.html.themeplayers.net/assets/images/demo-content/video-image-2-small.jpg]
[diana.html.themeplayers.net/assets/images/demo-content/video-image-3-small.jpg]
[diana.html.themeplayers.net/assets/plugins/owl/thumbnail-init.js]
[diana.html.themeplayers.net/assets/js/magnific-popup/jquery.magnific-popup.min.js]
[diana.html.themeplayers.net/assets/js/stars-rating/rating.js]
[diana.html.themeplayers.net/single-product.html]
[diana.html.themeplayers.net/collections-no-sidebar.html]
[diana.html.themeplayers.net/portfolio-single-post.html]
[diana.html.themeplayers.net/assets/images/demo-content/portfolio-masonry-item1.jpg]
[diana.html.themeplayers.net/assets/images/demo-content/portfolio-masonry-item2.jpg]
[diana.html.themeplayers.net/assets/images/demo-content/portfolio-masonry-item3.jpg]
[diana.html.themeplayers.net/assets/images/demo-content/portfolio-masonry-item4.jpg]
[diana.html.themeplayers.net/assets/images/demo-content/portfolio-masonry-item5.jpg]
[diana.html.themeplayers.net/assets/images/demo-content/portfolio-masonry-item6.jpg]
[diana.html.themeplayers.net/assets/images/demo-content/portfolio-masonry-item7.jpg]
[diana.html.themeplayers.net/assets/images/demo-content/portfolio-masonry-item8.jpg]
[diana.html.themeplayers.net/assets/images/demo-content/portfolio-masonry-item9.jpg]
[diana.html.themeplayers.net/assets/images/demo-content/portfolio-masonry-item10.jpg]
[diana.html.themeplayers.net/assets/images/demo-content/portfolio-masonry-item11.jpg]
[diana.html.themeplayers.net/assets/images/demo-content/portfolio-masonry-item12.jpg]
[diana.html.themeplayers.net/assets/js/portfolio/jquery.isotope.min.js]
[diana.html.themeplayers.net/assets/js/portfolio/imagesloaded.js]
[diana.html.themeplayers.net/assets/js/portfolio/init.js]
[diana.html.themeplayers.net/portfolio-masonry.html]
[diana.html.themeplayers.net/assets/images/demo-content/portfolio-col1-item1.jpg]
[diana.html.themeplayers.net/assets/images/demo-content/portfolio-col1-item2.jpg]
[diana.html.themeplayers.net/assets/images/demo-content/portfolio-col1-item3.jpg]
[diana.html.themeplayers.net/assets/images/demo-content/portfolio-col1-item4.jpg]
[diana.html.themeplayers.net/portfolio-masonry-column1.html]
[diana.html.themeplayers.net/assets/images/demo-content/blog-masonry-item1.jpg]
[diana.html.themeplayers.net/assets/images/demo-content/blog-masonry-item2.jpg]
[diana.html.themeplayers.net/assets/images/demo-content/blog-masonry-item3.jpg]
[diana.html.themeplayers.net/assets/images/demo-content/blog-masonry-item4.jpg]
[diana.html.themeplayers.net/assets/images/demo-content/blog-masonry-item5.jpg]
[diana.html.themeplayers.net/blog-single-post.html]
[diana.html.themeplayers.net/assets/images/demo-content/blog-masonry-item6.jpg]
[diana.html.themeplayers.net/portfolio-masonry-column2.html]
[diana.html.themeplayers.net/assets/images/demo-content/blog-masonry-item7.jpg]
[diana.html.themeplayers.net/assets/images/demo-content/blog-masonry-item8.jpg]
[diana.html.themeplayers.net/assets/images/demo-content/blog-masonry-item9.jpg]
[diana.html.themeplayers.net/portfolio-masonry-column3.html]
[diana.html.themeplayers.net/assets/images/demo-content/blog-item1.jpg]
[diana.html.themeplayers.net/assets/images/demo-content/blog-item2.jpg]
[diana.html.themeplayers.net/assets/images/demo-content/blog-item3.jpg]
[diana.html.themeplayers.net/assets/images/demo-content/blog-item4.jpg]
[diana.html.themeplayers.net/portfolio-left-sidebar.html]
[diana.html.themeplayers.net/portfolio-right-sidebar.html]
[diana.html.themeplayers.net/blog.html]
[diana.html.themeplayers.net/blog-left-sidebar.html]
[diana.html.themeplayers.net/assets/images/demo-content/blog-wide-item1.jpg]
[diana.html.themeplayers.net/assets/images/demo-content/blog-wide-item3.jpg]
[diana.html.themeplayers.net/assets/images/demo-content/blog-wide-item4.jpg]
[diana.html.themeplayers.net/assets/images/demo-content/blog-wide-item6.jpg]
[diana.html.themeplayers.net/blog-wide.html]
[diana.html.themeplayers.net/assets/images/demo-content/blog-item2-larger.jpg]
[diana.html.themeplayers.net/assets/images/demo-content/blog-item4-larger.jpg]
[diana.html.themeplayers.net/blog-full-width.html]
[diana.html.themeplayers.net/blog-masonry.html]
[diana.html.themeplayers.net/blog-masonry-three.html]
[diana.html.themeplayers.net/login.html]
[diana.html.themeplayers.net/contact.html]
[diana.html.themeplayers.net/product-policies.html]
[diana.html.themeplayers.net/create-account.html]
[diana.html.themeplayers.net/privacy.html]
[diana.html.themeplayers.net/billing-address.html]
[diana.html.themeplayers.net/shipping-address.html]
[diana.html.themeplayers.net/my-account.html]
[diana.html.themeplayers.net/edit-account.html]
[diana.html.themeplayers.net/assets/images/demo-content/wishlist-item2.jpg]
[diana.html.themeplayers.net/assets/images/demo-content/wishlist-item1.jpg]
[diana.html.themeplayers.net/assets/images/demo-content/wishlist-item3.jpg]
[diana.html.themeplayers.net/wishlist.html]
[diana.html.themeplayers.net/assets/images/demo-content/paypal.jpg]
[diana.html.themeplayers.net/checkout.html]
[diana.html.themeplayers.net/assets/js/jquery-ui/jquery-ui.css]
[diana.html.themeplayers.net/assets/js/spinner/init.js]
[diana.html.themeplayers.net/my-cart.html]
[diana.html.themeplayers.net/assets/js/ct-mediaSection/jquery.stellar.min.js]
[diana.html.themeplayers.net/assets/js/ct-mediaSection/init.js]
[diana.html.themeplayers.net/index-paralax.html]
[diana.html.themeplayers.net/assets/videos/jewellery-video.mp4]
[diana.html.themeplayers.net/assets/videos/jewellery-video.webm]
[diana.html.themeplayers.net/index-video.html]
[diana.html.themeplayers.net/index-logo-left.html]
[diana.html.themeplayers.net/index-black-menu.html]
[diana.html.themeplayers.net/index-grey-top.html]
[diana.html.themeplayers.net/index-both-colour.html]
[diana.html.themeplayers.net/lost-password.html]
[diana.html.themeplayers.net/assets/fonts/font-awesome/fonts/fontawesome-webfont78ce.svg]
[diana.html.themeplayers.net/assets/bootstrap/fonts/glyphicons-halflings-regular.svg]
[diana.html.themeplayers.net/assets/css/jquery.nouislider.css]
[diana.html.themeplayers.net/assets/plugins/owl/grabbing.png]
[diana.html.themeplayers.net/assets/plugins/owl/owl.carousel.css]
[diana.html.themeplayers.net/assets/plugins/owl/AjaxLoader.gif]
[diana.html.themeplayers.net/assets/plugins/owl/owl.theme.css]
[diana.html.themeplayers.net/assets/plugins/owl/owl.transitions.css]
[diana.html.themeplayers.net/assets/fonts/flexslider/flexslider-icon.html]
[diana.html.themeplayers.net/assets/fonts/flexslider/flexslider-icond41d.html]
[diana.html.themeplayers.net/assets/fonts/flexslider/flexslider-icon-2.html]
[diana.html.themeplayers.net/assets/fonts/flexslider/flexslider-icon-3.html]
[diana.html.themeplayers.net/assets/fonts/flexslider/flexslider-icon-4.html]
[diana.html.themeplayers.net/assets/images/rings.svg]
[diana.html.themeplayers.net/assets/css/images/ui-bg_highlight-soft_75_cccccc_1x100.html]
[diana.html.themeplayers.net/assets/css/images/ui-bg_glass_75_e6e6e6_1x400.html]
[diana.html.themeplayers.net/assets/css/images/ui-bg_glass_75_dadada_1x400.html]
[diana.html.themeplayers.net/assets/css/images/ui-bg_glass_65_ffffff_1x400.html]
[diana.html.themeplayers.net/assets/css/images/ui-bg_glass_55_fbf9ee_1x400.html]
[diana.html.themeplayers.net/assets/css/images/ui-bg_glass_95_fef1ec_1x400.html]
[diana.html.themeplayers.net/assets/css/images/ui-icons_222222_256x240.html]
[diana.html.themeplayers.net/assets/css/images/ui-icons_888888_256x240.html]
[diana.html.themeplayers.net/assets/css/images/ui-icons_454545_256x240.html]
[diana.html.themeplayers.net/assets/css/images/ui-icons_2e83ff_256x240.html]
[diana.html.themeplayers.net/assets/css/images/ui-icons_cd0a0a_256x240.html]
[diana.html.themeplayers.net/assets/css/images/ui-bg_flat_0_aaaaaa_40x100.html]
[diana.html.themeplayers.net/assets/images/demo-content/team-member-large.jpg]
[diana.html.themeplayers.net/team-member.html]
[diana.html.themeplayers.net/portfolio-single-post.html]
[diana.html.themeplayers.net/blog-single-post.html]
[diana.html.themeplayers.net/assets/js/gmaps/gmap3.min.js]
[diana.html.themeplayers.net/assets/js/gmaps/init.js]
[diana.html.themeplayers.net/contact.html]
[diana.html.themeplayers.net/product-policies.html]
[diana.html.themeplayers.net/privacy.html]
[diana.html.themeplayers.net/billing-address.html]
[diana.html.themeplayers.net/shipping-address.html]
[diana.html.themeplayers.net/edit-account.html]
[diana.html.themeplayers.net/assets/js/jquery-ui/images/ui-bg_highlight-soft_100_eeeeee_1x100.png]
[diana.html.themeplayers.net/assets/js/jquery-ui/images/ui-bg_gloss-wave_35_f6a828_500x100.png]
[diana.html.themeplayers.net/assets/js/jquery-ui/images/ui-bg_glass_100_f6f6f6_1x400.png]
[diana.html.themeplayers.net/assets/js/jquery-ui/images/ui-bg_glass_100_fdf5ce_1x400.png]
[diana.html.themeplayers.net/assets/js/jquery-ui/images/ui-bg_glass_65_ffffff_1x400.png]
[diana.html.themeplayers.net/assets/js/jquery-ui/images/ui-bg_highlight-soft_75_ffe45c_1x100.png]
[diana.html.themeplayers.net/assets/js/jquery-ui/images/ui-bg_diagonals-thick_18_b81900_40x40.png]
[diana.html.themeplayers.net/assets/js/jquery-ui/images/ui-icons_222222_256x240.png]
[diana.html.themeplayers.net/assets/js/jquery-ui/images/ui-icons_ffffff_256x240.png]
[diana.html.themeplayers.net/assets/js/jquery-ui/images/ui-icons_ef8c08_256x240.png]
[diana.html.themeplayers.net/assets/js/jquery-ui/images/ui-icons_228ef1_256x240.png]
[diana.html.themeplayers.net/assets/js/jquery-ui/images/ui-icons_ffd27a_256x240.png]
[diana.html.themeplayers.net/assets/js/jquery-ui/images/ui-bg_diagonals-thick_20_666666_40x40.png]
[diana.html.themeplayers.net/assets/js/jquery-ui/images/ui-bg_flat_10_000000_40x100.png]
[diana.html.themeplayers.net/assets/js/jquery-ui/jquery-ui.css]
[diana.html.themeplayers.net/assets/videos/jewellery-video.mp4]
